// Vitest Snapshot v1

exports[`stringifyComponentImport > default import 1`] = `"import Test from \\"test\\""`;

exports[`stringifyComponentImport > importName 1`] = `"import { a as Test } from \\"test\\""`;

exports[`stringifyComponentImport > not default import 1`] = `"import { Test } from \\"test\\""`;
